// Jest Snapshot v1, https://goo.gl/fbAQLP

exports[`Month Select Should match snapshot 1`] = `
<ul
  className="monthSelect"
>
  <li
    className="monthSelectItem monthSelectItemSelected"
    key="0"
    onClick={[Function]}
    onKeyDown={[Function]}
    onMouseDown={[Function]}
    tabIndex={0}
  >
    Feb
  </li>
  <li
    className="monthSelectItem"
    key="1"
    onClick={[Function]}
    onKeyDown={[Function]}
    onMouseDown={[Function]}
    tabIndex={0}
  >
    Mar
  </li>
  <li
    className="monthSelectItem"
    key="2"
    onClick={[Function]}
    onKeyDown={[Function]}
    onMouseDown={[Function]}
    tabIndex={0}
  >
    Apr
  </li>
  <li
    className="monthSelectItem"
    key="3"
    onClick={[Function]}
    onKeyDown={[Function]}
    onMouseDown={[Function]}
    tabIndex={0}
  >
    May
  </li>
  <li
    className="monthSelectItem"
    key="4"
    onClick={[Function]}
    onKeyDown={[Function]}
    onMouseDown={[Function]}
    tabIndex={0}
  >
    Jun
  </li>
  <li
    className="monthSelectItem"
    key="5"
    onClick={[Function]}
    onKeyDown={[Function]}
    onMouseDown={[Function]}
    tabIndex={0}
  >
    Jul
  </li>
  <li
    className="monthSelectItem"
    key="6"
    onClick={[Function]}
    onKeyDown={[Function]}
    onMouseDown={[Function]}
    tabIndex={0}
  >
    Aug
  </li>
  <li
    className="monthSelectItem"
    key="7"
    onClick={[Function]}
    onKeyDown={[Function]}
    onMouseDown={[Function]}
    tabIndex={0}
  >
    Sep
  </li>
  <li
    className="monthSelectItem"
    key="8"
    onClick={[Function]}
    onKeyDown={[Function]}
    onMouseDown={[Function]}
    tabIndex={0}
  >
    Oct
  </li>
  <li
    className="monthSelectItem"
    key="9"
    onClick={[Function]}
    onKeyDown={[Function]}
    onMouseDown={[Function]}
    tabIndex={0}
  >
    Nov
  </li>
  <li
    className="monthSelectItem"
    key="10"
    onClick={[Function]}
    onKeyDown={[Function]}
    onMouseDown={[Function]}
    tabIndex={0}
  >
    Dec
  </li>
  <li
    className="monthSelectItem"
    key="11"
    onClick={[Function]}
    onKeyDown={[Function]}
    onMouseDown={[Function]}
    tabIndex={0}
  >
    Jan
  </li>
</ul>
`;
