// Jest Snapshot v1, https://goo.gl/fbAQLP

exports[`Day Table Should match snapshot 1`] = `
<Fragment>
  <ul
    className="row"
  >
    <li
      className="weekday"
      key="0"
    >
      Su
    </li>
    <li
      className="weekday"
      key="1"
    >
      Mo
    </li>
    <li
      className="weekday"
      key="2"
    >
      Tu
    </li>
    <li
      className="weekday"
      key="3"
    >
      We
    </li>
    <li
      className="weekday"
      key="4"
    >
      Th
    </li>
    <li
      className="weekday"
      key="5"
    >
      Fr
    </li>
    <li
      className="weekday"
      key="6"
    >
      Sa
    </li>
  </ul>
  <ul
    className="list"
  >
    <li
      key="0"
    >
      <ul
        className="row"
      >
        <li
          className="day daySelected"
          key="0"
          onClick={[Function]}
          onKeyDown={[Function]}
          onMouseDown={[Function]}
          tabIndex={0}
        >
          1
        </li>
        <li
          className="day"
          key="1"
          onClick={[Function]}
          onKeyDown={[Function]}
          onMouseDown={[Function]}
          tabIndex={0}
        >
          2
        </li>
        <li
          className="day"
          key="2"
          onClick={[Function]}
          onKeyDown={[Function]}
          onMouseDown={[Function]}
          tabIndex={0}
        >
          3
        </li>
        <li
          className="day"
          key="3"
          onClick={[Function]}
          onKeyDown={[Function]}
          onMouseDown={[Function]}
          tabIndex={0}
        >
          4
        </li>
        <li
          className="day"
          key="4"
          onClick={[Function]}
          onKeyDown={[Function]}
          onMouseDown={[Function]}
          tabIndex={0}
        >
          5
        </li>
        <li
          className="day"
          key="5"
          onClick={[Function]}
          onKeyDown={[Function]}
          onMouseDown={[Function]}
          tabIndex={0}
        >
          6
        </li>
        <li
          className="day"
          key="6"
          onClick={[Function]}
          onKeyDown={[Function]}
          onMouseDown={[Function]}
          tabIndex={0}
        >
          7
        </li>
      </ul>
    </li>
    <li
      key="1"
    >
      <ul
        className="row"
      >
        <li
          className="day"
          key="0"
          onClick={[Function]}
          onKeyDown={[Function]}
          onMouseDown={[Function]}
          tabIndex={0}
        >
          8
        </li>
        <li
          className="day"
          key="1"
          onClick={[Function]}
          onKeyDown={[Function]}
          onMouseDown={[Function]}
          tabIndex={0}
        >
          9
        </li>
        <li
          className="day"
          key="2"
          onClick={[Function]}
          onKeyDown={[Function]}
          onMouseDown={[Function]}
          tabIndex={0}
        >
          10
        </li>
        <li
          className="day"
          key="3"
          onClick={[Function]}
          onKeyDown={[Function]}
          onMouseDown={[Function]}
          tabIndex={0}
        >
          11
        </li>
        <li
          className="day"
          key="4"
          onClick={[Function]}
          onKeyDown={[Function]}
          onMouseDown={[Function]}
          tabIndex={0}
        >
          12
        </li>
        <li
          className="day"
          key="5"
          onClick={[Function]}
          onKeyDown={[Function]}
          onMouseDown={[Function]}
          tabIndex={0}
        >
          13
        </li>
        <li
          className="day"
          key="6"
          onClick={[Function]}
          onKeyDown={[Function]}
          onMouseDown={[Function]}
          tabIndex={0}
        >
          14
        </li>
      </ul>
    </li>
    <li
      key="2"
    >
      <ul
        className="row"
      >
        <li
          className="day"
          key="0"
          onClick={[Function]}
          onKeyDown={[Function]}
          onMouseDown={[Function]}
          tabIndex={0}
        >
          15
        </li>
        <li
          className="day"
          key="1"
          onClick={[Function]}
          onKeyDown={[Function]}
          onMouseDown={[Function]}
          tabIndex={0}
        >
          16
        </li>
        <li
          className="day"
          key="2"
          onClick={[Function]}
          onKeyDown={[Function]}
          onMouseDown={[Function]}
          tabIndex={0}
        >
          17
        </li>
        <li
          className="day"
          key="3"
          onClick={[Function]}
          onKeyDown={[Function]}
          onMouseDown={[Function]}
          tabIndex={0}
        >
          18
        </li>
        <li
          className="day"
          key="4"
          onClick={[Function]}
          onKeyDown={[Function]}
          onMouseDown={[Function]}
          tabIndex={0}
        >
          19
        </li>
        <li
          className="day"
          key="5"
          onClick={[Function]}
          onKeyDown={[Function]}
          onMouseDown={[Function]}
          tabIndex={0}
        >
          20
        </li>
        <li
          className="day"
          key="6"
          onClick={[Function]}
          onKeyDown={[Function]}
          onMouseDown={[Function]}
          tabIndex={0}
        >
          21
        </li>
      </ul>
    </li>
    <li
      key="3"
    >
      <ul
        className="row"
      >
        <li
          className="day"
          key="0"
          onClick={[Function]}
          onKeyDown={[Function]}
          onMouseDown={[Function]}
          tabIndex={0}
        >
          22
        </li>
        <li
          className="day"
          key="1"
          onClick={[Function]}
          onKeyDown={[Function]}
          onMouseDown={[Function]}
          tabIndex={0}
        >
          23
        </li>
        <li
          className="day"
          key="2"
          onClick={[Function]}
          onKeyDown={[Function]}
          onMouseDown={[Function]}
          tabIndex={0}
        >
          24
        </li>
        <li
          className="day"
          key="3"
          onClick={[Function]}
          onKeyDown={[Function]}
          onMouseDown={[Function]}
          tabIndex={0}
        >
          25
        </li>
        <li
          className="day"
          key="4"
          onClick={[Function]}
          onKeyDown={[Function]}
          onMouseDown={[Function]}
          tabIndex={0}
        >
          26
        </li>
        <li
          className="day"
          key="5"
          onClick={[Function]}
          onKeyDown={[Function]}
          onMouseDown={[Function]}
          tabIndex={0}
        >
          27
        </li>
        <li
          className="day"
          key="6"
          onClick={[Function]}
          onKeyDown={[Function]}
          onMouseDown={[Function]}
          tabIndex={0}
        >
          28
        </li>
      </ul>
    </li>
    <li
      key="4"
    >
      <ul
        className="row"
      >
        <li
          className="day dayOther"
          key="0"
          onClick={[Function]}
          onKeyDown={[Function]}
          onMouseDown={[Function]}
          tabIndex={0}
        >
          1
        </li>
        <li
          className="day dayOther"
          key="1"
          onClick={[Function]}
          onKeyDown={[Function]}
          onMouseDown={[Function]}
          tabIndex={0}
        >
          2
        </li>
        <li
          className="day dayOther"
          key="2"
          onClick={[Function]}
          onKeyDown={[Function]}
          onMouseDown={[Function]}
          tabIndex={0}
        >
          3
        </li>
        <li
          className="day dayOther"
          key="3"
          onClick={[Function]}
          onKeyDown={[Function]}
          onMouseDown={[Function]}
          tabIndex={0}
        >
          4
        </li>
        <li
          className="day dayOther"
          key="4"
          onClick={[Function]}
          onKeyDown={[Function]}
          onMouseDown={[Function]}
          tabIndex={0}
        >
          5
        </li>
        <li
          className="day dayOther"
          key="5"
          onClick={[Function]}
          onKeyDown={[Function]}
          onMouseDown={[Function]}
          tabIndex={0}
        >
          6
        </li>
        <li
          className="day dayOther"
          key="6"
          onClick={[Function]}
          onKeyDown={[Function]}
          onMouseDown={[Function]}
          tabIndex={0}
        >
          7
        </li>
      </ul>
    </li>
    <li
      key="5"
    >
      <ul
        className="row"
      >
        <li
          className="day dayOther"
          key="0"
          onClick={[Function]}
          onKeyDown={[Function]}
          onMouseDown={[Function]}
          tabIndex={0}
        >
          8
        </li>
        <li
          className="day dayOther"
          key="1"
          onClick={[Function]}
          onKeyDown={[Function]}
          onMouseDown={[Function]}
          tabIndex={0}
        >
          9
        </li>
        <li
          className="day dayOther"
          key="2"
          onClick={[Function]}
          onKeyDown={[Function]}
          onMouseDown={[Function]}
          tabIndex={0}
        >
          10
        </li>
        <li
          className="day dayOther"
          key="3"
          onClick={[Function]}
          onKeyDown={[Function]}
          onMouseDown={[Function]}
          tabIndex={0}
        >
          11
        </li>
        <li
          className="day dayOther"
          key="4"
          onClick={[Function]}
          onKeyDown={[Function]}
          onMouseDown={[Function]}
          tabIndex={0}
        >
          12
        </li>
        <li
          className="day dayOther"
          key="5"
          onClick={[Function]}
          onKeyDown={[Function]}
          onMouseDown={[Function]}
          tabIndex={0}
        >
          13
        </li>
        <li
          className="day dayOther"
          key="6"
          onClick={[Function]}
          onKeyDown={[Function]}
          onMouseDown={[Function]}
          tabIndex={0}
        >
          14
        </li>
      </ul>
    </li>
  </ul>
</Fragment>
`;
